// Jest Snapshot v1, https://goo.gl/fbAQLP

exports[`Probando GifGrid TArea Deberia recibir titulo y url 1`] = `[Function]`;
